[live.21lab.co/nanosoft/home-3/index.html]
[backblue.gif]
[fade.gif]
[index.html]
[live.21lab.co/nanosoft/wp-content/uploads/2018/08/content-bottom-bg.jpg]
[live.21lab.co/nanosoft/wp-content/cache/min/1/05a627ee71fd679f07be0c539eccb314.css]
[live.21lab.co/nanosoft/wp-includes/js/jquery/jquery.minaf6c.js]
[live.21lab.co/nanosoft/wp-includes/js/jquery/jquery-migrate.mind617.js]
[live.21lab.co/nanosoft/wp-content/cache/min/1/nanosoft/wp-content/plugins/wp-video-lightbox/js/jquery.prettyPhoto7b33.js]
[live.21lab.co/nanosoft/wp-content/cache/min/1/nanosoft/wp-content/plugins/wp-video-lightbox/js/video-lightbox7b33.js]
[live.21lab.co/nanosoft/wp-content/uploads/2018/10/cropped-favico-1-32x32.png]
[live.21lab.co/nanosoft/wp-content/uploads/2018/10/cropped-favico-1-192x192.png]
[live.21lab.co/nanosoft/wp-content/uploads/2018/10/cropped-favico-1-180x180.png]
[live.21lab.co/nanosoft/wp-content/uploads/2018/09/bg-2d1a2.jpg]
[live.21lab.co/nanosoft/wp-content/uploads/2018/10/logo.png]
[live.21lab.co/nanosoft/wp-content/uploads/2018/08/308-name05821-chim-eye-1170x700.jpg]
[live.21lab.co/nanosoft/wp-content/uploads/2018/05/285-jir-60871-nam-eye-id-392451-jpeg1-800x494.jpg]
[live.21lab.co/nanosoft/wp-content/uploads/2018/05/imgix-391813-unsplash1-800x494.jpg]
[live.21lab.co/nanosoft/wp-content/uploads/2018/08/ft-logo.png]
[live.21lab.co/nanosoft/wp-content/cache/min/1/nanosoft/wp-content/themes/nanosoft/assets/js/componentsc841.js]
[live.21lab.co/nanosoft/wp-content/cache/min/1/nanosoft/wp-content/themes/nanosoft/assets/js/themec841.js]
[live.21lab.co/nanosoft/wp-includes/js/dist/vendor/regenerator-runtime.min3937.js]
[live.21lab.co/nanosoft/wp-includes/js/dist/vendor/wp-polyfill.min2c7c.js]
[live.21lab.co/nanosoft/wp-content/cache/min/1/nanosoft/wp-content/plugins/contact-form-7/includes/js/indexc841.js]
[live.21lab.co/nanosoft/wp-content/plugins/devvn-image-hotspot/frontend/js/jquery.ihotspot.min1576.js]
[live.21lab.co/nanosoft/wp-content/plugins/page-scroll-to-id/js/page-scroll-to-id.min93f6.js]
[live.21lab.co/nanosoft/wp-content/plugins/revslider/public/assets/js/rbtools.min097f.js]
[live.21lab.co/nanosoft/wp-content/plugins/revslider/public/assets/js/rs6.min097f.js]
[live.21lab.co/nanosoft/wp-content/plugins/q2w3-fixed-widget/js/frontend.mindc24.js]
[live.21lab.co/nanosoft/wp-content/cache/min/1/nanosoft/wp-content/plugins/animated-headline/js/mainc841.js]
[live.21lab.co/nanosoft/wp-content/plugins/js_composer/assets/js/dist/js_composer_front.min8e94.js]
[live.21lab.co/nanosoft/wp-content/plugins/js_composer/assets/lib/vc_waypoints/vc-waypoints.min8e94.js]
[live.21lab.co/nanosoft/wp-content/cache/min/1/nanosoft/wp-content/plugins/line-shortcodes/js/shortcodes-3rdc841.js]
[live.21lab.co/nanosoft/wp-content/cache/min/1/nanosoft/wp-content/plugins/line-shortcodes/js/shortcodesc841.js]
[live.21lab.co/nanosoft/home-3/index.html]
[live.21lab.co/nanosoft/wp-content/plugins/wp-rocket/assets/js/lazyload/17.5/lazyload.min.js]
[live.21lab.co/nanosoft/wp-content/plugins/wp-video-lightbox/images/prettyPhoto/default/sprite.png]
[live.21lab.co/nanosoft/wp-content/plugins/wp-video-lightbox/images/prettyPhoto/default/sprite_x.png]
[live.21lab.co/nanosoft/wp-content/plugins/wp-video-lightbox/images/prettyPhoto/default/sprite_y.png]
[live.21lab.co/nanosoft/wp-content/plugins/wp-video-lightbox/images/prettyPhoto/default/sprite_next.png]
[live.21lab.co/nanosoft/wp-content/plugins/wp-video-lightbox/images/prettyPhoto/default/sprite_prev.png]
[live.21lab.co/nanosoft/wp-content/plugins/wp-video-lightbox/images/prettyPhoto/default/default_thumb.png]
[live.21lab.co/nanosoft/wp-content/plugins/wp-video-lightbox/images/prettyPhoto/default/loader.gif]
[live.21lab.co/nanosoft/wp-content/plugins/wp-video-lightbox/images/prettyPhoto/light_rounded/sprite.png]
[live.21lab.co/nanosoft/wp-content/plugins/wp-video-lightbox/images/prettyPhoto/light_rounded/btnNext.png]
[live.21lab.co/nanosoft/wp-content/plugins/wp-video-lightbox/images/prettyPhoto/light_rounded/btnPrevious.png]
[live.21lab.co/nanosoft/wp-content/plugins/wp-video-lightbox/images/prettyPhoto/dark_rounded/sprite.png]
[live.21lab.co/nanosoft/wp-content/plugins/wp-video-lightbox/images/prettyPhoto/dark_rounded/contentPattern.png]
[live.21lab.co/nanosoft/wp-content/plugins/wp-video-lightbox/images/prettyPhoto/dark_rounded/btnNext.png]
[live.21lab.co/nanosoft/wp-content/plugins/wp-video-lightbox/images/prettyPhoto/dark_rounded/btnPrevious.png]
[live.21lab.co/nanosoft/wp-content/plugins/wp-video-lightbox/images/prettyPhoto/dark_rounded/loader.gif]
[live.21lab.co/nanosoft/wp-content/plugins/wp-video-lightbox/images/prettyPhoto/dark_square/loader.gif]
[live.21lab.co/nanosoft/wp-content/plugins/wp-video-lightbox/images/prettyPhoto/dark_square/sprite.png]
[live.21lab.co/nanosoft/wp-content/plugins/wp-video-lightbox/images/prettyPhoto/dark_square/btnNext.png]
[live.21lab.co/nanosoft/wp-content/plugins/wp-video-lightbox/images/prettyPhoto/dark_square/btnPrevious.png]
[live.21lab.co/nanosoft/wp-content/plugins/wp-video-lightbox/images/prettyPhoto/light_square/sprite.png]
[live.21lab.co/nanosoft/wp-content/plugins/wp-video-lightbox/images/prettyPhoto/light_square/btnNext.png]
[live.21lab.co/nanosoft/wp-content/plugins/wp-video-lightbox/images/prettyPhoto/light_square/btnPrevious.png]
[live.21lab.co/nanosoft/wp-content/plugins/wp-video-lightbox/images/prettyPhoto/facebook/sprite.png]
[live.21lab.co/nanosoft/wp-content/plugins/wp-video-lightbox/images/prettyPhoto/facebook/contentPatternTop.png]
[live.21lab.co/nanosoft/wp-content/plugins/wp-video-lightbox/images/prettyPhoto/facebook/contentPatternLeft.png]
[live.21lab.co/nanosoft/wp-content/plugins/wp-video-lightbox/images/prettyPhoto/facebook/contentPatternRight.png]
[live.21lab.co/nanosoft/wp-content/plugins/wp-video-lightbox/images/prettyPhoto/facebook/loader.gif]
[live.21lab.co/nanosoft/wp-content/plugins/wp-video-lightbox/images/prettyPhoto/facebook/btnNext.png]
[live.21lab.co/nanosoft/wp-content/plugins/wp-video-lightbox/images/prettyPhoto/facebook/btnPrevious.png]
[live.21lab.co/nanosoft/wp-content/plugins/wp-video-lightbox/images/prettyPhoto/facebook/contentPatternBottom.png]
[live.21lab.co/nanosoft/wp-content/plugins/wp-video-lightbox/images/prettyPhoto/facebook/default_thumbnail.gif]
[live.21lab.co/nanosoft/wp-content/plugins/wp-video-lightbox/images/prettyPhoto/light_rounded/loader.gif]
[live.21lab.co/nanosoft/wp-content/themes/nanosoft/assets/img/components/sprite.png]
[live.21lab.co/nanosoft/wp-content/themes/nanosoft/assets/img/components/sprite_x.png]
[live.21lab.co/nanosoft/wp-content/themes/nanosoft/assets/img/components/sprite_y.png]
[live.21lab.co/nanosoft/wp-content/themes/nanosoft/assets/img/components/sprite_next.png]
[live.21lab.co/nanosoft/wp-content/themes/nanosoft/assets/img/components/sprite_prev.png]
[live.21lab.co/nanosoft/wp-content/themes/nanosoft/assets/img/components/default_thumb.png]
[live.21lab.co/nanosoft/wp-content/themes/nanosoft/assets/img/components/loader.gif]
[live.21lab.co/nanosoft/wp-content/themes/nanosoft/assets/img/components/btnNext.png]
[live.21lab.co/nanosoft/wp-content/themes/nanosoft/assets/img/components/btnPrevious.png]
[live.21lab.co/nanosoft/wp-content/themes/nanosoft/assets/img/components/default_thumbnail.gif]
[live.21lab.co/nanosoft/wp-content/themes/nanosoft/assets/img/bg-mail.png]
[live.21lab.co/nanosoft/wp-content/plugins/js_composer/assets/vc/alert.png]
[live.21lab.co/nanosoft/wp-content/plugins/js_composer/assets/vc/info.png]
[live.21lab.co/nanosoft/wp-content/plugins/js_composer/assets/vc/tick.png]
[live.21lab.co/nanosoft/wp-content/plugins/js_composer/assets/vc/exclamation.png]
[live.21lab.co/nanosoft/wp-content/plugins/js_composer/assets/images/icons/address-book.png]
[live.21lab.co/nanosoft/wp-content/plugins/js_composer/assets/images/icons/alarm-clock.png]
[live.21lab.co/nanosoft/wp-content/plugins/js_composer/assets/images/icons/anchor.png]
[live.21lab.co/nanosoft/wp-content/plugins/js_composer/assets/images/icons/application-image.png]
[live.21lab.co/nanosoft/wp-content/plugins/js_composer/assets/images/icons/arrow.png]
[live.21lab.co/nanosoft/wp-content/plugins/js_composer/assets/images/icons/asterisk.png]
[live.21lab.co/nanosoft/wp-content/plugins/js_composer/assets/images/icons/auction-hammer.png]
[live.21lab.co/nanosoft/wp-content/plugins/js_composer/assets/images/icons/balloon.png]
[live.21lab.co/nanosoft/wp-content/plugins/js_composer/assets/images/icons/balloon-buzz.png]
[live.21lab.co/nanosoft/wp-content/plugins/js_composer/assets/images/icons/balloon-facebook.png]
[live.21lab.co/nanosoft/wp-content/plugins/js_composer/assets/images/icons/balloon-twitter.png]
[live.21lab.co/nanosoft/wp-content/plugins/js_composer/assets/images/icons/battery-full.png]
[live.21lab.co/nanosoft/wp-content/plugins/js_composer/assets/images/icons/binocular.png]
[live.21lab.co/nanosoft/wp-content/plugins/js_composer/assets/images/icons/blue-document-excel.png]
[live.21lab.co/nanosoft/wp-content/plugins/js_composer/assets/images/icons/blue-document-image.png]
[live.21lab.co/nanosoft/wp-content/plugins/js_composer/assets/images/icons/blue-document-music.png]
[live.21lab.co/nanosoft/wp-content/plugins/js_composer/assets/images/icons/blue-document-office.png]
[live.21lab.co/nanosoft/wp-content/plugins/js_composer/assets/images/icons/blue-document-pdf.png]
[live.21lab.co/nanosoft/wp-content/plugins/js_composer/assets/images/icons/blue-document-powerpoint.png]
[live.21lab.co/nanosoft/wp-content/plugins/js_composer/assets/images/icons/blue-document-word.png]
[live.21lab.co/nanosoft/wp-content/plugins/js_composer/assets/images/icons/bookmark.png]
[live.21lab.co/nanosoft/wp-content/plugins/js_composer/assets/images/icons/camcorder.png]
[live.21lab.co/nanosoft/wp-content/plugins/js_composer/assets/images/icons/camera.png]
[live.21lab.co/nanosoft/wp-content/plugins/js_composer/assets/images/icons/chart.png]
[live.21lab.co/nanosoft/wp-content/plugins/js_composer/assets/images/icons/chart-pie.png]
[live.21lab.co/nanosoft/wp-content/plugins/js_composer/assets/images/icons/clock.png]
[live.21lab.co/nanosoft/wp-content/plugins/js_composer/assets/images/icons/control.png]
[live.21lab.co/nanosoft/wp-content/plugins/js_composer/assets/images/icons/fire.png]
[live.21lab.co/nanosoft/wp-content/plugins/js_composer/assets/images/icons/heart.png]
[live.21lab.co/nanosoft/wp-content/plugins/js_composer/assets/images/icons/mail.png]
[live.21lab.co/nanosoft/wp-content/plugins/js_composer/assets/images/icons/plus-shield.png]
[live.21lab.co/nanosoft/wp-content/plugins/js_composer/assets/images/icons/video.png]
[live.21lab.co/nanosoft/wp-content/plugins/js_composer/assets/images/toggle_open.png]
[live.21lab.co/nanosoft/wp-content/plugins/js_composer/assets/images/toggle_close.png]
[live.21lab.co/nanosoft/wp-content/plugins/js_composer/assets/images/flickr.png]
[live.21lab.co/nanosoft/wp-content/plugins/js_composer/assets/images/spinner.gif]
[live.21lab.co/nanosoft/wp-content/plugins/js_composer/assets/vc/remove.png]
[live.21lab.co/nanosoft/wp-content/plugins/revslider/public/assets/assets/gridtile.png]
[live.21lab.co/nanosoft/wp-content/plugins/revslider/public/assets/assets/gridtile_white.png]
[live.21lab.co/nanosoft/wp-content/plugins/revslider/public/assets/assets/gridtile_3x3.png]
[live.21lab.co/nanosoft/wp-content/plugins/revslider/public/assets/assets/gridtile_3x3_white.png]
[live.21lab.co/nanosoft/wp-content/plugins/revslider/public/assets/assets/coloredbg.png]
[live.21lab.co/nanosoft/wp-content/plugins/revslider/public/assets/assets/loader.gif]
[live.21lab.co/nanosoft/wp-content/cache/min/1/05a627ee71fd679f07be0c539eccb314.css]
[live.21lab.co/nanosoft/wp-content/themes/nanosoft/assets/img/components/contentPattern.html]
[live.21lab.co/nanosoft/wp-content/themes/nanosoft/assets/img/components/contentPatternTop.html]
[live.21lab.co/nanosoft/wp-content/themes/nanosoft/assets/img/components/contentPatternLeft.html]
[live.21lab.co/nanosoft/wp-content/themes/nanosoft/assets/img/components/contentPatternRight.html]
[live.21lab.co/nanosoft/wp-content/themes/nanosoft/assets/img/components/contentPatternBottom.html]
[live.21lab.co/nanosoft/wp-content/themes/nanosoft/assets/css/grabbing.html]
